// Jest Snapshot v1, https://goo.gl/fbAQLP

exports[`svg getSpriteFromSvgCanvas snapshot of PlaceMarkSvg matches 1`] = `
{
  "materials": [
    {
      "color": 16777215,
      "colorWrite": true,
      "depthFunc": 3,
      "depthTest": true,
      "depthWrite": true,
      "map": undefined,
      "side": 2,
      "sizeAttenuation": true,
      "stencilFail": 7680,
      "stencilFunc": 519,
      "stencilFuncMask": 255,
      "stencilRef": 0,
      "stencilWrite": false,
      "stencilWriteMask": 255,
      "stencilZFail": 7680,
      "stencilZPass": 7680,
      "transparent": true,
      "type": "SpriteMaterial",
      "uuid": undefined,
      "wireframeLinecap": undefined,
      "wireframeLinejoin": undefined,
    },
  ],
  "metadata": {
    "generator": "Object3D.toJSON",
    "type": "Object",
    "version": 4.5,
  },
  "object": {
    "layers": 1,
    "material": undefined,
    "matrix": [
      1,
      0,
      0,
      0,
      0,
      1,
      0,
      0,
      0,
      0,
      1,
      0,
      0,
      0,
      0,
      1,
    ],
    "type": "Sprite",
    "uuid": undefined,
  },
  "textures": [
    {
      "anisotropy": 1,
      "center": [
        0,
        0,
      ],
      "encoding": 3000,
      "flipY": true,
      "format": 1023,
      "magFilter": 1006,
      "mapping": 300,
      "minFilter": 1006,
      "name": "",
      "offset": [
        0,
        0,
      ],
      "premultiplyAlpha": false,
      "repeat": [
        1,
        1,
      ],
      "rotation": 0,
      "type": 1009,
      "unpackAlignment": 4,
      "uuid": undefined,
      "wrap": [
        1001,
        1001,
      ],
    },
  ],
}
`;
