// Jest Snapshot v1, https://goo.gl/fbAQLP

exports[`svg getSpriteFromSvgCanvas snapshot of PlaceMarkSvg matches 1`] = `
{
  "materials": [
    {
      "color": 16777215,
      "colorWrite": true,
      "depthFunc": 3,
      "depthTest": true,
      "depthWrite": true,
      "map": undefined,
      "side": 2,
      "sizeAttenuation": true,
      "stencilFail": 7680,
      "stencilFunc": 519,
      "stencilFuncMask": 255,
      "stencilRef": 0,
      "stencilWrite": false,
      "stencilWriteMask": 255,
      "stencilZFail": 7680,
      "stencilZPass": 7680,
      "transparent": true,
      "type": "SpriteMaterial",
      "uuid": undefined,
      "wireframeLinecap": undefined,
      "wireframeLinejoin": undefined,
    },
  ],
  "metadata": {
    "generator": "Object3D.toJSON",
    "type": "Object",
    "version": 4.5,
  },
  "object": {
    "layers": 1,
    "material": undefined,
    "matrix": [
      1,
      0,
      0,
      0,
      0,
      1,
      0,
      0,
      0,
      0,
      1,
      0,
      0,
      0,
      0,
      1,
    ],
    "type": "Sprite",
    "uuid": undefined,
  },
  "textures": [
    {
      "anisotropy": 1,
      "center": [
        0,
        0,
      ],
      "encoding": 3000,
      "flipY": true,
      "format": 1023,
      "magFilter": 1006,
      "mapping": 300,
      "minFilter": 1006,
      "name": "",
      "offset": [
        0,
        0,
      ],
      "premultiplyAlpha": false,
      "repeat": [
        1,
        1,
      ],
      "rotation": 0,
      "type": 1009,
      "unpackAlignment": 4,
      "uuid": undefined,
      "wrap": [
        1001,
        1001,
      ],
    },
  ],
}
`;

exports[`svg getSvgGroupFromObj snapshot of PlaceMarkSvg matches 1`] = `
{
  "geometries": [
    {
      "curveSegments": 12,
      "shapes": [
        undefined,
      ],
      "type": "ShapeGeometry",
      "uuid": undefined,
    },
  ],
  "materials": [
    {
      "color": 16777215,
      "colorWrite": true,
      "depthFunc": 3,
      "depthTest": true,
      "depthWrite": true,
      "reflectivity": 1,
      "refractionRatio": 0.98,
      "side": 2,
      "stencilFail": 7680,
      "stencilFunc": 519,
      "stencilFuncMask": 255,
      "stencilRef": 0,
      "stencilWrite": false,
      "stencilWriteMask": 255,
      "stencilZFail": 7680,
      "stencilZPass": 7680,
      "transparent": true,
      "type": "MeshBasicMaterial",
      "uuid": undefined,
    },
  ],
  "metadata": {
    "generator": "Object3D.toJSON",
    "type": "Object",
    "version": 4.5,
  },
  "object": {
    "children": [
      {
        "children": [
          {
            "geometry": undefined,
            "layers": 1,
            "material": undefined,
            "matrix": [
              1,
              0,
              0,
              0,
              0,
              1,
              0,
              0,
              0,
              0,
              1,
              0,
              0,
              0,
              0,
              1,
            ],
            "type": "Mesh",
            "uuid": undefined,
          },
        ],
        "layers": 1,
        "matrix": [
          1,
          0,
          0,
          0,
          0,
          1,
          0,
          0,
          0,
          0,
          1,
          0,
          0,
          0,
          0,
          1,
        ],
        "type": "Group",
        "uuid": undefined,
      },
    ],
    "layers": 1,
    "matrix": [
      1,
      0,
      0,
      0,
      0,
      1,
      0,
      0,
      0,
      0,
      1,
      0,
      0,
      0,
      0,
      1,
    ],
    "type": "Group",
    "uuid": undefined,
  },
  "shapes": [
    {
      "arcLengthDivisions": 200,
      "autoClose": false,
      "currentPoint": [
        0,
        0,
      ],
      "curves": [
        {
          "arcLengthDivisions": 200,
          "metadata": {
            "generator": "Curve.toJSON",
            "type": "Curve",
            "version": 4.5,
          },
          "type": "CubicBezierCurve",
          "v0": [
            12,
            2,
          ],
          "v1": [
            8.13,
            2,
          ],
          "v2": [
            5,
            5.13,
          ],
          "v3": [
            5,
            9,
          ],
        },
        {
          "arcLengthDivisions": 200,
          "metadata": {
            "generator": "Curve.toJSON",
            "type": "Curve",
            "version": 4.5,
          },
          "type": "CubicBezierCurve",
          "v0": [
            5,
            9,
          ],
          "v1": [
            5,
            14.25,
          ],
          "v2": [
            12,
            22,
          ],
          "v3": [
            12,
            22,
          ],
        },
        {
          "arcLengthDivisions": 200,
          "metadata": {
            "generator": "Curve.toJSON",
            "type": "Curve",
            "version": 4.5,
          },
          "type": "CubicBezierCurve",
          "v0": [
            12,
            22,
          ],
          "v1": [
            12,
            22,
          ],
          "v2": [
            19,
            14.25,
          ],
          "v3": [
            19,
            9,
          ],
        },
        {
          "arcLengthDivisions": 200,
          "metadata": {
            "generator": "Curve.toJSON",
            "type": "Curve",
            "version": 4.5,
          },
          "type": "CubicBezierCurve",
          "v0": [
            19,
            9,
          ],
          "v1": [
            19,
            5.13,
          ],
          "v2": [
            15.870000000000001,
            2,
          ],
          "v3": [
            12,
            2,
          ],
        },
      ],
      "holes": [
        {
          "arcLengthDivisions": 200,
          "autoClose": false,
          "currentPoint": [
            0,
            0,
          ],
          "curves": [
            {
              "arcLengthDivisions": 200,
              "metadata": {
                "generator": "Curve.toJSON",
                "type": "Curve",
                "version": 4.5,
              },
              "type": "CubicBezierCurve",
              "v0": [
                12,
                11.5,
              ],
              "v1": [
                10.620000000000001,
                11.5,
              ],
              "v2": [
                9.5,
                10.379999999999999,
              ],
              "v3": [
                9.5,
                9,
              ],
            },
            {
              "arcLengthDivisions": 200,
              "metadata": {
                "generator": "Curve.toJSON",
                "type": "Curve",
                "version": 4.5,
              },
              "type": "CubicBezierCurve",
              "v0": [
                9.5,
                9,
              ],
              "v1": [
                9.5,
                7.620000000000001,
              ],
              "v2": [
                10.620000000000001,
                6.5,
              ],
              "v3": [
                12,
                6.5,
              ],
            },
            {
              "arcLengthDivisions": 200,
              "metadata": {
                "generator": "Curve.toJSON",
                "type": "Curve",
                "version": 4.5,
              },
              "type": "CubicBezierCurve",
              "v0": [
                12,
                6.5,
              ],
              "v1": [
                13.379999999999999,
                6.5,
              ],
              "v2": [
                14.5,
                7.62,
              ],
              "v3": [
                14.5,
                9,
              ],
            },
            {
              "arcLengthDivisions": 200,
              "metadata": {
                "generator": "Curve.toJSON",
                "type": "Curve",
                "version": 4.5,
              },
              "type": "CubicBezierCurve",
              "v0": [
                14.5,
                9,
              ],
              "v1": [
                14.5,
                10.379999999999999,
              ],
              "v2": [
                13.379999999999999,
                11.5,
              ],
              "v3": [
                12,
                11.5,
              ],
            },
          ],
          "metadata": {
            "generator": "Curve.toJSON",
            "type": "Curve",
            "version": 4.5,
          },
          "type": "Path",
        },
      ],
      "type": "Shape",
      "uuid": undefined,
    },
  ],
}
`;
